// Jest Snapshot v1, https://goo.gl/fbAQLP

exports[`css registers styles 1`] = `1502522116`;
